scenarios/paper_2200.env: line 2: 2200: command not found
INFO:     Started server process [50560]
INFO:     Waiting for application startup.
INFO:     Application startup complete.
INFO:     Uvicorn running on http://0.0.0.0:8030 (Press CTRL+C to quit)
Dashboard [paper_2200]: http://127.0.0.1:8030  (paper_2200.db)
[market_feed] 441 trade → recent_trades.pkl
[16:09:46] ✅ 1/1 fiyat güncellendi
INFO:     127.0.0.1:51214 - "GET /api/data HTTP/1.1" 200 OK
INFO:     Shutting down
INFO:     Waiting for application shutdown.
INFO:     Application shutdown complete.
INFO:     Finished server process [50560]
INFO:     Started server process [50799]
INFO:     Waiting for application startup.
INFO:     Application startup complete.
INFO:     Uvicorn running on http://0.0.0.0:8030 (Press CTRL+C to quit)
Dashboard [paper_2200]: http://127.0.0.1:8030  (paper_2200.db)
[market_feed] 308 trade → recent_trades.pkl
[16:12:10] ✅ 5/5 fiyat güncellendi
INFO:     127.0.0.1:51572 - "GET /api/data HTTP/1.1" 200 OK
INFO:     Shutting down
INFO:     Waiting for application shutdown.
INFO:     Application shutdown complete.
INFO:     Finished server process [50799]
INFO:     Started server process [52060]
INFO:     Waiting for application startup.
INFO:     Application startup complete.
INFO:     Uvicorn running on http://0.0.0.0:8030 (Press CTRL+C to quit)
INFO:     Shutting down
INFO:     Waiting for application shutdown.
INFO:     Application shutdown complete.
INFO:     Finished server process [52060]
INFO:     Started server process [54247]
INFO:     Waiting for application startup.
INFO:     Application startup complete.
INFO:     Uvicorn running on http://0.0.0.0:8030 (Press CTRL+C to quit)
INFO:     Shutting down
INFO:     Waiting for application shutdown.
INFO:     Application shutdown complete.
INFO:     Finished server process [54247]
